<?xml version="1.0" encoding="UTF-8"?>
<svg xmlns="http://www.w3.org/2000/svg" viewBox="0 0 512 512" width="512" height="512">
  <defs>
    <style><![CDATA[
      .bg { fill: #f5f0e4; }
      .base { stroke: #2a221c; stroke-width: 1.60; fill: none; opacity: 0.78; }
      .primary { stroke: #241913; stroke-width: 2.80; fill: none; stroke-linecap: round; stroke-linejoin: round; }
      .call { stroke: #5b2a22; stroke-width: 2.0; fill: none; stroke-linecap: round; opacity: 0.9; }
      .branch { stroke: #6b342d; stroke-width: 1.6; fill: none; stroke-linecap: round; }
      .loop { stroke: #2d5f5a; stroke-width: 1.6; fill: none; stroke-linecap: round; }
      .bind { stroke: #73493d; stroke-width: 1.4; fill: none; stroke-linecap: round; }
      .term { stroke: #201814; stroke-width: 1.7; fill: none; stroke-linecap: round; }
      .node-main { fill: #fffaf1; stroke: #201814; stroke-width: 2.0; }
      .node-entry { fill: #efe6d4; stroke: #201814; stroke-width: 2.4; }
      .node-aux { fill: #f6efe0; stroke: #4f4339; stroke-width: 1.3; }
      .node-loop { fill: #edf3f1; stroke: #2d5f5a; stroke-width: 1.4; }
      .node-term { fill: #f3e7e3; stroke: #5a2a23; stroke-width: 1.4; }
      .orn { stroke: #355d58; stroke-width: 1.0; fill: none; opacity: 0.55; }
      .hash { fill: #1f1a17; font: 10px monospace; letter-spacing: 0.8px; }
      .label { fill: #1f1a17; font: 8px monospace; opacity: 0.7; }
    ]]></style>
  </defs>
  <rect class="bg" x="0" y="0" width="512" height="512"/>
  <g id="foundation">
    <circle class="base" cx="256" cy="256" r="226"/>
  </g>
  <g id="primary_path">
    <path class="primary" d="M 214.07 377.32 q 18 -22 34 0 q -18 22 -34 0" opacity="0.9"/>
  </g>
  <g id="call_links">
  </g>
  <g id="branches">
  </g>
  <g id="loops">
  </g>
  <g id="bindings">
  </g>
  <g id="terminals">
    <path class="term" d="M 230.07 377.32 Q 245.06 352.70 249.60 324.23" stroke-width="1.65" opacity="0.90"/>
  </g>
  <g id="nodes">
    <circle class="node-entry" cx="230.07" cy="377.32" r="7.95"/>
    <circle class="node-term" cx="249.60" cy="324.23" r="3.60"/>
  </g>
  <g id="ornaments">
    <circle class="orn" cx="460.33" cy="246.35" r="0.90"/>
    <circle class="orn" cx="245.94" cy="456.99" r="1.90"/>
    <circle class="orn" cx="56.21" cy="298.08" r="2.90"/>
    <circle class="orn" cx="271.78" cy="53.47" r="0.90"/>
  </g>
  <g id="signature">
    <text class="hash" x="256" y="496" text-anchor="middle">808054f66677ac29</text>
    <text class="label" x="256" y="18" text-anchor="middle">network • sigillum v2.1 • 1 rituale(s) • 1 stmt • depth 2</text>
  </g>
</svg>
